// Jest Snapshot v1, https://goo.gl/fbAQLP

exports[`file test File name 1`] = `
<div
  className="d-flex justify-content-between"
>
  <div
    className="item__file_name"
  >
    <img
      alt="folder"
      className="file_icon pr-3"
      src="file.svg"
    />
    filename
  </div>
  <a
    href=""
  >
    <button
      className="btn btn-outline-success"
    >
      <i
        className="fas fa-arrow-down"
      />
    </button>
  </a>
</div>
`;
