// Jest Snapshot v1, https://goo.gl/fbAQLP

exports[`Path testing Path snapshot 1`] = `
ShallowWrapper {
  Symbol(enzyme.__root__): [Circular],
  Symbol(enzyme.__unrendered__): <Path
    currentPath={
      Array [
        "/",
        "folder1",
      ]
    }
    pathEl="folder1"
    token=""
  />,
  Symbol(enzyme.__renderer__): Object {
    "batchedUpdates": [Function],
    "getNode": [Function],
    "render": [Function],
    "simulateError": [Function],
    "simulateEvent": [Function],
    "unmount": [Function],
  },
  Symbol(enzyme.__node__): Object {
    "instance": null,
    "key": undefined,
    "nodeType": "host",
    "props": Object {
      "aria-current": "page",
      "children": <button
        className="btn btn-link pl-0 pr-0 btnPath"
        onClick={[Function]}
      >
        folder1
      </button>,
      "className": "breadcrumb-item ",
    },
    "ref": null,
    "rendered": Object {
      "instance": null,
      "key": undefined,
      "nodeType": "host",
      "props": Object {
        "children": "folder1",
        "className": "btn btn-link pl-0 pr-0 btnPath",
        "onClick": [Function],
      },
      "ref": null,
      "rendered": "folder1",
      "type": "button",
    },
    "type": "li",
  },
  Symbol(enzyme.__nodes__): Array [
    Object {
      "instance": null,
      "key": undefined,
      "nodeType": "host",
      "props": Object {
        "aria-current": "page",
        "children": <button
          className="btn btn-link pl-0 pr-0 btnPath"
          onClick={[Function]}
        >
          folder1
        </button>,
        "className": "breadcrumb-item ",
      },
      "ref": null,
      "rendered": Object {
        "instance": null,
        "key": undefined,
        "nodeType": "host",
        "props": Object {
          "children": "folder1",
          "className": "btn btn-link pl-0 pr-0 btnPath",
          "onClick": [Function],
        },
        "ref": null,
        "rendered": "folder1",
        "type": "button",
      },
      "type": "li",
    },
  ],
  Symbol(enzyme.__options__): Object {
    "adapter": ReactSixteenAdapter {
      "options": Object {
        "enableComponentDidUpdateOnSetState": true,
        "lifecycles": Object {
          "componentDidUpdate": Object {
            "onSetState": true,
          },
          "getDerivedStateFromProps": true,
          "getSnapshotBeforeUpdate": true,
          "setState": Object {
            "skipsComponentDidUpdateOnNullish": true,
          },
        },
      },
    },
  },
}
`;
